16:00:51 [Warning] Version has expired, contact owner.

███╗   ███╗██╗   ██╗    ██████╗ ██╗    ██╗██████╗ 
████╗ ████║██║   ██║    ██╔══██╗██║    ██║██╔══██╗
██╔████╔██║██║   ██║    ██████╔╝██║ █╗ ██║██████╔╝
██║╚██╔╝██║██║   ██║    ██╔═══╝ ██║███╗██║██╔══██╗
██║ ╚═╝ ██║╚██████╔╝    ██║     ╚███╔███╔╝██║  ██║
╚═╝     ╚═╝ ╚═════╝     ╚═╝      ╚══╝╚══╝ ╚═╝  ╚═╝
                                 M-U PWR
                        Build Date 31/07/2022 21:48

16:00:57 [Error] System.Net.Sockets.SocketException (0x80004005): No connection could be made because the target machine actively refused it
   at Npgsql.NpgsqlConnector.Connect(NpgsqlTimeout timeout)
   at Npgsql.NpgsqlConnector.<RawOpen>d__153.MoveNext()
--- End of stack trace from previous location where exception was thrown ---
   at System.Runtime.CompilerServices.TaskAwaiter.ThrowForNonSuccess(Task task)
   at System.Runtime.CompilerServices.TaskAwaiter.HandleNonSuccessAndDebuggerNotification(Task task)
   at Npgsql.NpgsqlConnector.<Open>d__149.MoveNext()
--- End of stack trace from previous location where exception was thrown ---
   at System.Runtime.CompilerServices.TaskAwaiter.ThrowForNonSuccess(Task task)
   at System.Runtime.CompilerServices.TaskAwaiter.HandleNonSuccessAndDebuggerNotification(Task task)
   at Npgsql.ConnectorPool.<AllocateLong>d__19.MoveNext()
--- End of stack trace from previous location where exception was thrown ---
   at System.Runtime.CompilerServices.TaskAwaiter.ThrowForNonSuccess(Task task)
   at System.Runtime.CompilerServices.TaskAwaiter.HandleNonSuccessAndDebuggerNotification(Task task)
   at System.Threading.Tasks.ValueTask`1.get_Result()
   at Npgsql.NpgsqlConnection.<>c__DisplayClass32_0.<<Open>g__OpenLong|0>d.MoveNext()
--- End of stack trace from previous location where exception was thrown ---
   at System.Runtime.CompilerServices.TaskAwaiter.ThrowForNonSuccess(Task task)
   at System.Runtime.CompilerServices.TaskAwaiter.HandleNonSuccessAndDebuggerNotification(Task task)
   at Npgsql.NpgsqlConnection.Open()
   at PointBlank.Battle.Data.Xml.ServersXml.Load()
16:01:01 [Error] System.Net.Sockets.SocketException (0x80004005): No connection could be made because the target machine actively refused it
   at Npgsql.NpgsqlConnector.Connect(NpgsqlTimeout timeout)
   at Npgsql.NpgsqlConnector.<RawOpen>d__153.MoveNext()
--- End of stack trace from previous location where exception was thrown ---
   at System.Runtime.CompilerServices.TaskAwaiter.ThrowForNonSuccess(Task task)
   at System.Runtime.CompilerServices.TaskAwaiter.HandleNonSuccessAndDebuggerNotification(Task task)
   at Npgsql.NpgsqlConnector.<Open>d__149.MoveNext()
--- End of stack trace from previous location where exception was thrown ---
   at System.Runtime.CompilerServices.TaskAwaiter.ThrowForNonSuccess(Task task)
   at System.Runtime.CompilerServices.TaskAwaiter.HandleNonSuccessAndDebuggerNotification(Task task)
   at Npgsql.ConnectorPool.<AllocateLong>d__19.MoveNext()
--- End of stack trace from previous location where exception was thrown ---
   at System.Runtime.CompilerServices.TaskAwaiter.ThrowForNonSuccess(Task task)
   at System.Runtime.CompilerServices.TaskAwaiter.HandleNonSuccessAndDebuggerNotification(Task task)
   at System.Threading.Tasks.ValueTask`1.get_Result()
   at Npgsql.NpgsqlConnection.<>c__DisplayClass32_0.<<Open>g__OpenLong|0>d.MoveNext()
--- End of stack trace from previous location where exception was thrown ---
   at System.Runtime.CompilerServices.TaskAwaiter.ThrowForNonSuccess(Task task)
   at System.Runtime.CompilerServices.TaskAwaiter.HandleNonSuccessAndDebuggerNotification(Task task)
   at Npgsql.NpgsqlConnection.Open()
   at PointBlank.Battle.Data.Items.ItemManager.Load()
16:01:01 [M|U] Battle Active. [127.0.0.1:40009]
